// Jest Snapshot v1, https://goo.gl/fbAQLP

exports[`renders Celcius 1`] = `
<Text
  accessible={true}
  allowFontScaling={true}
  ellipsizeMode="tail"
  style={
    Array [
      Object {},
      undefined,
    ]
  }
>
  °C
</Text>
`;

exports[`renders Fahrenheit 1`] = `
<Text
  accessible={true}
  allowFontScaling={true}
  ellipsizeMode="tail"
  style={
    Array [
      Object {},
      undefined,
    ]
  }
>
  °F
</Text>
`;

exports[`renders null 1`] = `null`;
